// Jest Snapshot v1, https://goo.gl/fbAQLP

exports[`<ProjectsList /> matches snapshot 1`] = `
Object {
  "asFragment": [Function],
  "baseElement": <body>
    <div>
      <div
        class="container"
        id="projects"
      >
        <div
          class="projects-card"
        >
          <h1>
            projects
          </h1>
          <br />
          <div
            class="project"
          >
            <h3>
              this portfolio ;)
               
              <a
                href="https://www.alexisjcarr.com/"
                rel="noopener noreferrer"
                target="_blank"
              >
                <i
                  class="iconP fas fa-link"
                />
              </a>
               
              <a
                href="https://github.com/alexisjcarr/portfolio"
                rel="noopener noreferrer"
                target="_blank"
              >
                <i
                  class="iconP fab fa-github"
                />
              </a>
            </h3>
            <p>
              <span
                style="text-decoration: underline;"
              >
                Role:
              </span>
               
              Front End Developer
            </p>
            <a
              href="https://www.alexisjcarr.com/"
              rel="noopener noreferrer"
              target="_blank"
            >
              <img
                alt="app"
                class="project-img"
                src="portf.gif"
              />
            </a>
            <div
              class="desc-stack"
            >
              <p
                class="description"
              >
                <p
                  style="text-decoration: underline;"
                >
                  Description: 
                </p>
                A software developer portfolio that was coded from scratch
              </p>
              <p
                class="stack"
              >
                <p
                  style="text-decoration: underline;"
                >
                  Tech Stack: 
                </p>
                React | React Hooks | TypeScript
              </p>
            </div>
          </div>
          <br />
          <hr />
          <br />
          <div
            class="project"
          >
            <h3>
              Sauti Africa Market Price Data API
               
              <a
                href="http://price-api.sautiafrica.org"
                rel="noopener noreferrer"
                target="_blank"
              >
                <i
                  class="iconP fas fa-link"
                />
              </a>
               
              <a
                href="https://github.com/orgs/Lambda-School-Labs/teams/labs-17-sauti-africa-market-price-data/repositories"
                rel="noopener noreferrer"
                target="_blank"
              >
                <i
                  class="iconP fab fa-github"
                />
              </a>
            </h3>
            <p>
              <span
                style="text-decoration: underline;"
              >
                Role:
              </span>
               
              Fullstack Software Engineer
            </p>
            <a
              href="http://price-api.sautiafrica.org"
              rel="noopener noreferrer"
              target="_blank"
            >
              <img
                alt="app"
                class="project-img"
                src="ogImage.jpeg"
              />
            </a>
            <div
              class="desc-stack"
            >
              <p
                class="description"
              >
                <p
                  style="text-decoration: underline;"
                >
                  Description: 
                </p>
                Sauti Africa is a non-profit organization that serves to empower cross border traders (who are predominately women) by providing real-time market prices, exchange rates and trade procedures. Sauti has done so well that other organizations, policy makers, and developers have asked for access to the data that Sauti uses for their platform. However, as it currently stands, such a public-facing data platform doesn't exist. The purpose of this app is to fill this need by providing what is essentially a pivot table fed by a RESTful backend. My team will be able to provide data in a tabular/chart form for those who aren't tech-minded and a consumable API for those who are.
              </p>
              <p
                class="stack"
              >
                <p
                  style="text-decoration: underline;"
                >
                  Tech Stack: 
                </p>
                React | React Hooks | Redux | Node | Express | MySQL | Firebase
              </p>
            </div>
          </div>
          <br />
          <hr />
          <br />
          <div
            class="project"
          >
            <h3>
              Sleep Tracker
               
              <a
                href="https://sleeptrackr.netlify.com"
                rel="noopener noreferrer"
                target="_blank"
              >
                <i
                  class="iconP fas fa-link"
                />
              </a>
               
              <a
                href="https://github.com/alexisjcarr/Sleep-Tracker-Frontend"
                rel="noopener noreferrer"
                target="_blank"
              >
                <i
                  class="iconP fab fa-github"
                />
              </a>
            </h3>
            <p>
              <span
                style="text-decoration: underline;"
              >
                Role:
              </span>
               
              Front End Developer
            </p>
            <a
              href="https://sleeptrackr.netlify.com"
              rel="noopener noreferrer"
              target="_blank"
            >
              <img
                alt="app"
                class="project-img"
                src="sleeptrackr.gif"
              />
            </a>
            <div
              class="desc-stack"
            >
              <p
                class="description"
              >
                <p
                  style="text-decoration: underline;"
                >
                  Description: 
                </p>
                A web app that recommends how much sleep you need using user inputs for mood and time slept.
              </p>
              <p
                class="stack"
              >
                <p
                  style="text-decoration: underline;"
                >
                  Tech Stack: 
                </p>
                React | React Router | Redux | Material UI | Axios
              </p>
            </div>
          </div>
          <br />
          <hr />
          <br />
          <div
            class="project"
          >
            <h3>
              Grit 'N Grind
               
              <a
                href="https://gritngrind.fitness/"
                rel="noopener noreferrer"
                target="_blank"
              >
                <i
                  class="iconP fas fa-link"
                />
              </a>
               
              <a
                href="https://github.com/grit-n-grind/client"
                rel="noopener noreferrer"
                target="_blank"
              >
                <i
                  class="iconP fab fa-github"
                />
              </a>
            </h3>
            <p>
              <span
                style="text-decoration: underline;"
              >
                Role:
              </span>
               
              Front End Developer
            </p>
            <a
              href="https://gritngrind.fitness/"
              rel="noopener noreferrer"
              target="_blank"
            >
              <img
                alt="app"
                class="project-img"
                src="fitness.gif"
              />
            </a>
            <div
              class="desc-stack"
            >
              <p
                class="description"
              >
                <p
                  style="text-decoration: underline;"
                >
                  Description: 
                </p>
                The first web application of its kind: Grit-N-Grind is a fitness competition application that gyms can use to throw competitions at their local gyms.
              </p>
              <p
                class="stack"
              >
                <p
                  style="text-decoration: underline;"
                >
                  Tech Stack: 
                </p>
                React | React Hooks | React Context | Firebase
              </p>
            </div>
          </div>
          <br />
          <hr />
          <br />
          <div
            class="project"
          >
            <h3>
              Servable
               
              <a
                rel="noopener noreferrer"
                target="_blank"
              >
                <i
                  class="iconP fas fa-link"
                />
              </a>
               
              <a
                rel="noopener noreferrer"
                target="_blank"
              >
                <i
                  class="iconP fab fa-github"
                />
              </a>
            </h3>
            <p>
              <span
                style="text-decoration: underline;"
              >
                Role:
              </span>
               
              Fullstack Software Engineer
            </p>
            <a
              rel="noopener noreferrer"
              target="_blank"
            >
              <img
                alt="app"
                class="project-img-servable"
                src="servable2.gif"
              />
            </a>
            <div
              class="desc-stack"
            >
              <p
                class="description"
              >
                <p
                  style="text-decoration: underline;"
                >
                  Description: 
                </p>
                Still under development. A mobile-friendly web app that matches users to volunteer opportunities via a Tinder-like interface.
              </p>
              <p
                class="stack"
              >
                <p
                  style="text-decoration: underline;"
                >
                  Tech Stack: 
                </p>
                React | React Hooks | Typescript | Node | Express | PostgreSQL
              </p>
            </div>
          </div>
          <br />
          <hr />
          <br />
          <div
            class="project"
          >
            <h3>
              Real-time Data Renderer
               
              <a
                href="http://realtime-viz-practice.surge.sh/"
                rel="noopener noreferrer"
                target="_blank"
              >
                <i
                  class="iconP fas fa-link"
                />
              </a>
               
              <a
                href="https://github.com/alexisjcarr/socket-io-playground-client"
                rel="noopener noreferrer"
                target="_blank"
              >
                <i
                  class="iconP fab fa-github"
                />
              </a>
            </h3>
            <p>
              <span
                style="text-decoration: underline;"
              >
                Role:
              </span>
               
              Front End Developer | Data Viz Engineer
            </p>
            <a
              href="http://realtime-viz-practice.surge.sh/"
              rel="noopener noreferrer"
              target="_blank"
            >
              <img
                alt="app"
                class="project-img"
                src="rtsp.gif"
              />
            </a>
            <div
              class="desc-stack"
            >
              <p
                class="description"
              >
                <p
                  style="text-decoration: underline;"
                >
                  Description: 
                </p>
                TBA
              </p>
              <p
                class="stack"
              >
                <p
                  style="text-decoration: underline;"
                >
                  Tech Stack: 
                </p>
                React | React Hooks | SocketIO
              </p>
            </div>
          </div>
          <br />
        </div>
      </div>
    </div>
  </body>,
  "container": <div>
    <div
      class="container"
      id="projects"
    >
      <div
        class="projects-card"
      >
        <h1>
          projects
        </h1>
        <br />
        <div
          class="project"
        >
          <h3>
            this portfolio ;)
             
            <a
              href="https://www.alexisjcarr.com/"
              rel="noopener noreferrer"
              target="_blank"
            >
              <i
                class="iconP fas fa-link"
              />
            </a>
             
            <a
              href="https://github.com/alexisjcarr/portfolio"
              rel="noopener noreferrer"
              target="_blank"
            >
              <i
                class="iconP fab fa-github"
              />
            </a>
          </h3>
          <p>
            <span
              style="text-decoration: underline;"
            >
              Role:
            </span>
             
            Front End Developer
          </p>
          <a
            href="https://www.alexisjcarr.com/"
            rel="noopener noreferrer"
            target="_blank"
          >
            <img
              alt="app"
              class="project-img"
              src="portf.gif"
            />
          </a>
          <div
            class="desc-stack"
          >
            <p
              class="description"
            >
              <p
                style="text-decoration: underline;"
              >
                Description: 
              </p>
              A software developer portfolio that was coded from scratch
            </p>
            <p
              class="stack"
            >
              <p
                style="text-decoration: underline;"
              >
                Tech Stack: 
              </p>
              React | React Hooks | TypeScript
            </p>
          </div>
        </div>
        <br />
        <hr />
        <br />
        <div
          class="project"
        >
          <h3>
            Sauti Africa Market Price Data API
             
            <a
              href="http://price-api.sautiafrica.org"
              rel="noopener noreferrer"
              target="_blank"
            >
              <i
                class="iconP fas fa-link"
              />
            </a>
             
            <a
              href="https://github.com/orgs/Lambda-School-Labs/teams/labs-17-sauti-africa-market-price-data/repositories"
              rel="noopener noreferrer"
              target="_blank"
            >
              <i
                class="iconP fab fa-github"
              />
            </a>
          </h3>
          <p>
            <span
              style="text-decoration: underline;"
            >
              Role:
            </span>
             
            Fullstack Software Engineer
          </p>
          <a
            href="http://price-api.sautiafrica.org"
            rel="noopener noreferrer"
            target="_blank"
          >
            <img
              alt="app"
              class="project-img"
              src="ogImage.jpeg"
            />
          </a>
          <div
            class="desc-stack"
          >
            <p
              class="description"
            >
              <p
                style="text-decoration: underline;"
              >
                Description: 
              </p>
              Sauti Africa is a non-profit organization that serves to empower cross border traders (who are predominately women) by providing real-time market prices, exchange rates and trade procedures. Sauti has done so well that other organizations, policy makers, and developers have asked for access to the data that Sauti uses for their platform. However, as it currently stands, such a public-facing data platform doesn't exist. The purpose of this app is to fill this need by providing what is essentially a pivot table fed by a RESTful backend. My team will be able to provide data in a tabular/chart form for those who aren't tech-minded and a consumable API for those who are.
            </p>
            <p
              class="stack"
            >
              <p
                style="text-decoration: underline;"
              >
                Tech Stack: 
              </p>
              React | React Hooks | Redux | Node | Express | MySQL | Firebase
            </p>
          </div>
        </div>
        <br />
        <hr />
        <br />
        <div
          class="project"
        >
          <h3>
            Sleep Tracker
             
            <a
              href="https://sleeptrackr.netlify.com"
              rel="noopener noreferrer"
              target="_blank"
            >
              <i
                class="iconP fas fa-link"
              />
            </a>
             
            <a
              href="https://github.com/alexisjcarr/Sleep-Tracker-Frontend"
              rel="noopener noreferrer"
              target="_blank"
            >
              <i
                class="iconP fab fa-github"
              />
            </a>
          </h3>
          <p>
            <span
              style="text-decoration: underline;"
            >
              Role:
            </span>
             
            Front End Developer
          </p>
          <a
            href="https://sleeptrackr.netlify.com"
            rel="noopener noreferrer"
            target="_blank"
          >
            <img
              alt="app"
              class="project-img"
              src="sleeptrackr.gif"
            />
          </a>
          <div
            class="desc-stack"
          >
            <p
              class="description"
            >
              <p
                style="text-decoration: underline;"
              >
                Description: 
              </p>
              A web app that recommends how much sleep you need using user inputs for mood and time slept.
            </p>
            <p
              class="stack"
            >
              <p
                style="text-decoration: underline;"
              >
                Tech Stack: 
              </p>
              React | React Router | Redux | Material UI | Axios
            </p>
          </div>
        </div>
        <br />
        <hr />
        <br />
        <div
          class="project"
        >
          <h3>
            Grit 'N Grind
             
            <a
              href="https://gritngrind.fitness/"
              rel="noopener noreferrer"
              target="_blank"
            >
              <i
                class="iconP fas fa-link"
              />
            </a>
             
            <a
              href="https://github.com/grit-n-grind/client"
              rel="noopener noreferrer"
              target="_blank"
            >
              <i
                class="iconP fab fa-github"
              />
            </a>
          </h3>
          <p>
            <span
              style="text-decoration: underline;"
            >
              Role:
            </span>
             
            Front End Developer
          </p>
          <a
            href="https://gritngrind.fitness/"
            rel="noopener noreferrer"
            target="_blank"
          >
            <img
              alt="app"
              class="project-img"
              src="fitness.gif"
            />
          </a>
          <div
            class="desc-stack"
          >
            <p
              class="description"
            >
              <p
                style="text-decoration: underline;"
              >
                Description: 
              </p>
              The first web application of its kind: Grit-N-Grind is a fitness competition application that gyms can use to throw competitions at their local gyms.
            </p>
            <p
              class="stack"
            >
              <p
                style="text-decoration: underline;"
              >
                Tech Stack: 
              </p>
              React | React Hooks | React Context | Firebase
            </p>
          </div>
        </div>
        <br />
        <hr />
        <br />
        <div
          class="project"
        >
          <h3>
            Servable
             
            <a
              rel="noopener noreferrer"
              target="_blank"
            >
              <i
                class="iconP fas fa-link"
              />
            </a>
             
            <a
              rel="noopener noreferrer"
              target="_blank"
            >
              <i
                class="iconP fab fa-github"
              />
            </a>
          </h3>
          <p>
            <span
              style="text-decoration: underline;"
            >
              Role:
            </span>
             
            Fullstack Software Engineer
          </p>
          <a
            rel="noopener noreferrer"
            target="_blank"
          >
            <img
              alt="app"
              class="project-img-servable"
              src="servable2.gif"
            />
          </a>
          <div
            class="desc-stack"
          >
            <p
              class="description"
            >
              <p
                style="text-decoration: underline;"
              >
                Description: 
              </p>
              Still under development. A mobile-friendly web app that matches users to volunteer opportunities via a Tinder-like interface.
            </p>
            <p
              class="stack"
            >
              <p
                style="text-decoration: underline;"
              >
                Tech Stack: 
              </p>
              React | React Hooks | Typescript | Node | Express | PostgreSQL
            </p>
          </div>
        </div>
        <br />
        <hr />
        <br />
        <div
          class="project"
        >
          <h3>
            Real-time Data Renderer
             
            <a
              href="http://realtime-viz-practice.surge.sh/"
              rel="noopener noreferrer"
              target="_blank"
            >
              <i
                class="iconP fas fa-link"
              />
            </a>
             
            <a
              href="https://github.com/alexisjcarr/socket-io-playground-client"
              rel="noopener noreferrer"
              target="_blank"
            >
              <i
                class="iconP fab fa-github"
              />
            </a>
          </h3>
          <p>
            <span
              style="text-decoration: underline;"
            >
              Role:
            </span>
             
            Front End Developer | Data Viz Engineer
          </p>
          <a
            href="http://realtime-viz-practice.surge.sh/"
            rel="noopener noreferrer"
            target="_blank"
          >
            <img
              alt="app"
              class="project-img"
              src="rtsp.gif"
            />
          </a>
          <div
            class="desc-stack"
          >
            <p
              class="description"
            >
              <p
                style="text-decoration: underline;"
              >
                Description: 
              </p>
              TBA
            </p>
            <p
              class="stack"
            >
              <p
                style="text-decoration: underline;"
              >
                Tech Stack: 
              </p>
              React | React Hooks | SocketIO
            </p>
          </div>
        </div>
        <br />
      </div>
    </div>
  </div>,
  "debug": [Function],
  "findAllByAltText": [Function],
  "findAllByDisplayValue": [Function],
  "findAllByLabelText": [Function],
  "findAllByPlaceholderText": [Function],
  "findAllByRole": [Function],
  "findAllByTestId": [Function],
  "findAllByText": [Function],
  "findAllByTitle": [Function],
  "findByAltText": [Function],
  "findByDisplayValue": [Function],
  "findByLabelText": [Function],
  "findByPlaceholderText": [Function],
  "findByRole": [Function],
  "findByTestId": [Function],
  "findByText": [Function],
  "findByTitle": [Function],
  "getAllByAltText": [Function],
  "getAllByDisplayValue": [Function],
  "getAllByLabelText": [Function],
  "getAllByPlaceholderText": [Function],
  "getAllByRole": [Function],
  "getAllByTestId": [Function],
  "getAllByText": [Function],
  "getAllByTitle": [Function],
  "getByAltText": [Function],
  "getByDisplayValue": [Function],
  "getByLabelText": [Function],
  "getByPlaceholderText": [Function],
  "getByRole": [Function],
  "getByTestId": [Function],
  "getByText": [Function],
  "getByTitle": [Function],
  "queryAllByAltText": [Function],
  "queryAllByDisplayValue": [Function],
  "queryAllByLabelText": [Function],
  "queryAllByPlaceholderText": [Function],
  "queryAllByRole": [Function],
  "queryAllByTestId": [Function],
  "queryAllByText": [Function],
  "queryAllByTitle": [Function],
  "queryByAltText": [Function],
  "queryByDisplayValue": [Function],
  "queryByLabelText": [Function],
  "queryByPlaceholderText": [Function],
  "queryByRole": [Function],
  "queryByTestId": [Function],
  "queryByText": [Function],
  "queryByTitle": [Function],
  "rerender": [Function],
  "unmount": [Function],
}
`;
