// Jest Snapshot v1, https://goo.gl/fbAQLP

exports[`<NavBar /> matches snapshot 1`] = `
Object {
  "asFragment": [Function],
  "baseElement": <body>
    <div>
      <div>
        <div
          role="navigation"
          style="position: absolute; top: 0px; left: 0px; right: 0px; bottom: 0px; overflow: hidden;"
        >
          <div
            style="z-index: 2; position: fixed; top: 50px; bottom: 0px; transition: transform .3s ease-out; will-change: transform; overflow-y: auto; background: black; color: yellowgreen; width: 200px; right: 0px; transform: translateX(100%);"
          >
            <h3>
              MENU
            </h3>
             
            <a
              href="#aboutme"
            >
              <p>
                about me
              </p>
            </a>
             
            <a
              href="#skills"
            >
              <p>
                skills
              </p>
            </a>
             
            <a
              href="#projects"
            >
              <p>
                projects
              </p>
            </a>
            <a
              href="#contact"
            >
              <p>
                contact
              </p>
            </a>
          </div>
          <div
            style="z-index: 1; position: fixed; top: 0px; left: 0px; right: 0px; bottom: 0px; opacity: 0; visibility: hidden; transition: opacity .3s ease-out, visibility .3s ease-out; background-color: rgba(0, 0, 0, 0.3);"
          />
          <div
            style="position: absolute; top: 0px; left: 0px; right: 0px; bottom: 0px; overflow-y: auto; transition: left .3s ease-out, right .3s ease-out;"
          >
            <div
              style="display: flex; justify-content: flex-end; background-color: black; position: fixed; top: 0px; width: 100%;"
            >
              <button
                class="jsx-1383963974 BurgerSlider Burger"
              >
                <div
                  class="jsx-1383963974 BurgerBox"
                >
                  <div
                    class="jsx-1383963974 BurgerInner"
                  />
                </div>
              </button>
            </div>
          </div>
        </div>
      </div>
    </div>
  </body>,
  "container": <div>
    <div>
      <div
        role="navigation"
        style="position: absolute; top: 0px; left: 0px; right: 0px; bottom: 0px; overflow: hidden;"
      >
        <div
          style="z-index: 2; position: fixed; top: 50px; bottom: 0px; transition: transform .3s ease-out; will-change: transform; overflow-y: auto; background: black; color: yellowgreen; width: 200px; right: 0px; transform: translateX(100%);"
        >
          <h3>
            MENU
          </h3>
           
          <a
            href="#aboutme"
          >
            <p>
              about me
            </p>
          </a>
           
          <a
            href="#skills"
          >
            <p>
              skills
            </p>
          </a>
           
          <a
            href="#projects"
          >
            <p>
              projects
            </p>
          </a>
          <a
            href="#contact"
          >
            <p>
              contact
            </p>
          </a>
        </div>
        <div
          style="z-index: 1; position: fixed; top: 0px; left: 0px; right: 0px; bottom: 0px; opacity: 0; visibility: hidden; transition: opacity .3s ease-out, visibility .3s ease-out; background-color: rgba(0, 0, 0, 0.3);"
        />
        <div
          style="position: absolute; top: 0px; left: 0px; right: 0px; bottom: 0px; overflow-y: auto; transition: left .3s ease-out, right .3s ease-out;"
        >
          <div
            style="display: flex; justify-content: flex-end; background-color: black; position: fixed; top: 0px; width: 100%;"
          >
            <button
              class="jsx-1383963974 BurgerSlider Burger"
            >
              <div
                class="jsx-1383963974 BurgerBox"
              >
                <div
                  class="jsx-1383963974 BurgerInner"
                />
              </div>
            </button>
          </div>
        </div>
      </div>
    </div>
  </div>,
  "debug": [Function],
  "findAllByAltText": [Function],
  "findAllByDisplayValue": [Function],
  "findAllByLabelText": [Function],
  "findAllByPlaceholderText": [Function],
  "findAllByRole": [Function],
  "findAllByTestId": [Function],
  "findAllByText": [Function],
  "findAllByTitle": [Function],
  "findByAltText": [Function],
  "findByDisplayValue": [Function],
  "findByLabelText": [Function],
  "findByPlaceholderText": [Function],
  "findByRole": [Function],
  "findByTestId": [Function],
  "findByText": [Function],
  "findByTitle": [Function],
  "getAllByAltText": [Function],
  "getAllByDisplayValue": [Function],
  "getAllByLabelText": [Function],
  "getAllByPlaceholderText": [Function],
  "getAllByRole": [Function],
  "getAllByTestId": [Function],
  "getAllByText": [Function],
  "getAllByTitle": [Function],
  "getByAltText": [Function],
  "getByDisplayValue": [Function],
  "getByLabelText": [Function],
  "getByPlaceholderText": [Function],
  "getByRole": [Function],
  "getByTestId": [Function],
  "getByText": [Function],
  "getByTitle": [Function],
  "queryAllByAltText": [Function],
  "queryAllByDisplayValue": [Function],
  "queryAllByLabelText": [Function],
  "queryAllByPlaceholderText": [Function],
  "queryAllByRole": [Function],
  "queryAllByTestId": [Function],
  "queryAllByText": [Function],
  "queryAllByTitle": [Function],
  "queryByAltText": [Function],
  "queryByDisplayValue": [Function],
  "queryByLabelText": [Function],
  "queryByPlaceholderText": [Function],
  "queryByRole": [Function],
  "queryByTestId": [Function],
  "queryByText": [Function],
  "queryByTitle": [Function],
  "rerender": [Function],
  "unmount": [Function],
}
`;
