// Jest Snapshot v1, https://goo.gl/fbAQLP

exports[`<Contact /> matches snapshot 1`] = `
Object {
  "asFragment": [Function],
  "baseElement": <body>
    <div>
      <div
        class="container"
        id="contact"
      >
        <div
          class="contact-card"
        >
          <h3>
            contact
          </h3>
          <a
            href="https://www.linkedin.com/in/alexis-j-carr"
            rel="noopener noreferrer"
            target="_blank"
          >
            <i
              class="icon fab fa-linkedin"
            />
          </a>
          <a
            href="https://github.com/alexisjcarr"
            rel="noopener noreferrer"
            target="_blank"
          >
            <i
              class="icon fab fa-github"
            />
          </a>
          <a
            href="https://medium.com/@acarr59"
            rel="noopener noreferrer"
            target="_blank"
          >
            <i
              class="icon fab fa-medium"
            />
          </a>
          <a
            href="mailto:acarr59@gmail.com"
          >
            <i
              class="icon fas fa-envelope"
            />
          </a>
        </div>
      </div>
    </div>
  </body>,
  "container": <div>
    <div
      class="container"
      id="contact"
    >
      <div
        class="contact-card"
      >
        <h3>
          contact
        </h3>
        <a
          href="https://www.linkedin.com/in/alexis-j-carr"
          rel="noopener noreferrer"
          target="_blank"
        >
          <i
            class="icon fab fa-linkedin"
          />
        </a>
        <a
          href="https://github.com/alexisjcarr"
          rel="noopener noreferrer"
          target="_blank"
        >
          <i
            class="icon fab fa-github"
          />
        </a>
        <a
          href="https://medium.com/@acarr59"
          rel="noopener noreferrer"
          target="_blank"
        >
          <i
            class="icon fab fa-medium"
          />
        </a>
        <a
          href="mailto:acarr59@gmail.com"
        >
          <i
            class="icon fas fa-envelope"
          />
        </a>
      </div>
    </div>
  </div>,
  "debug": [Function],
  "findAllByAltText": [Function],
  "findAllByDisplayValue": [Function],
  "findAllByLabelText": [Function],
  "findAllByPlaceholderText": [Function],
  "findAllByRole": [Function],
  "findAllByTestId": [Function],
  "findAllByText": [Function],
  "findAllByTitle": [Function],
  "findByAltText": [Function],
  "findByDisplayValue": [Function],
  "findByLabelText": [Function],
  "findByPlaceholderText": [Function],
  "findByRole": [Function],
  "findByTestId": [Function],
  "findByText": [Function],
  "findByTitle": [Function],
  "getAllByAltText": [Function],
  "getAllByDisplayValue": [Function],
  "getAllByLabelText": [Function],
  "getAllByPlaceholderText": [Function],
  "getAllByRole": [Function],
  "getAllByTestId": [Function],
  "getAllByText": [Function],
  "getAllByTitle": [Function],
  "getByAltText": [Function],
  "getByDisplayValue": [Function],
  "getByLabelText": [Function],
  "getByPlaceholderText": [Function],
  "getByRole": [Function],
  "getByTestId": [Function],
  "getByText": [Function],
  "getByTitle": [Function],
  "queryAllByAltText": [Function],
  "queryAllByDisplayValue": [Function],
  "queryAllByLabelText": [Function],
  "queryAllByPlaceholderText": [Function],
  "queryAllByRole": [Function],
  "queryAllByTestId": [Function],
  "queryAllByText": [Function],
  "queryAllByTitle": [Function],
  "queryByAltText": [Function],
  "queryByDisplayValue": [Function],
  "queryByLabelText": [Function],
  "queryByPlaceholderText": [Function],
  "queryByRole": [Function],
  "queryByTestId": [Function],
  "queryByText": [Function],
  "queryByTitle": [Function],
  "rerender": [Function],
  "unmount": [Function],
}
`;
