// Jest Snapshot v1, https://goo.gl/fbAQLP

exports[`<Skills /> matches snapshot 1`] = `
Object {
  "asFragment": [Function],
  "baseElement": <body>
    <div>
      <div
        class="container"
        id="skills"
      >
        <div
          class="skills-card"
        >
          <h1>
            skills
          </h1>
          <div
            class="skills"
          >
            <div
              class="skill"
            >
              <i
                class="icon fab fa-react"
              />
              <p>
                React
              </p>
            </div>
            <div
              class="skill"
            >
              <i
                class="icon fab fa-node"
              />
              <p>
                Node/Express
              </p>
            </div>
            <div
              class="skill"
            >
              <i
                class="icon fab fa-html5"
              />
              <p>
                HTML
              </p>
            </div>
            <div
              class="skill"
            >
              <i
                class="icon fab fa-css3-alt"
              />
              <p>
                CSS
              </p>
            </div>
            <div
              class="skill"
            >
              <i
                class="icon fab fa-js-square"
              />
              <p>
                JavaScript/TypeScript
              </p>
            </div>
            <div
              class="skill"
            >
              <i
                class="icon fab fa-sass"
              />
              <p>
                Sass
              </p>
            </div>
            <div
              class="skill"
            >
              <i
                class="icon fab fa-python"
              />
              <p>
                Python
              </p>
            </div>
            <div
              class="skill"
            >
              <i
                class="icon fab fa-git"
              />
              <p>
                git
              </p>
            </div>
            <div
              class="skill"
            >
              <i
                class="icon fas fa-database"
              />
              <p>
                Databases
              </p>
            </div>
          </div>
        </div>
      </div>
    </div>
  </body>,
  "container": <div>
    <div
      class="container"
      id="skills"
    >
      <div
        class="skills-card"
      >
        <h1>
          skills
        </h1>
        <div
          class="skills"
        >
          <div
            class="skill"
          >
            <i
              class="icon fab fa-react"
            />
            <p>
              React
            </p>
          </div>
          <div
            class="skill"
          >
            <i
              class="icon fab fa-node"
            />
            <p>
              Node/Express
            </p>
          </div>
          <div
            class="skill"
          >
            <i
              class="icon fab fa-html5"
            />
            <p>
              HTML
            </p>
          </div>
          <div
            class="skill"
          >
            <i
              class="icon fab fa-css3-alt"
            />
            <p>
              CSS
            </p>
          </div>
          <div
            class="skill"
          >
            <i
              class="icon fab fa-js-square"
            />
            <p>
              JavaScript/TypeScript
            </p>
          </div>
          <div
            class="skill"
          >
            <i
              class="icon fab fa-sass"
            />
            <p>
              Sass
            </p>
          </div>
          <div
            class="skill"
          >
            <i
              class="icon fab fa-python"
            />
            <p>
              Python
            </p>
          </div>
          <div
            class="skill"
          >
            <i
              class="icon fab fa-git"
            />
            <p>
              git
            </p>
          </div>
          <div
            class="skill"
          >
            <i
              class="icon fas fa-database"
            />
            <p>
              Databases
            </p>
          </div>
        </div>
      </div>
    </div>
  </div>,
  "debug": [Function],
  "findAllByAltText": [Function],
  "findAllByDisplayValue": [Function],
  "findAllByLabelText": [Function],
  "findAllByPlaceholderText": [Function],
  "findAllByRole": [Function],
  "findAllByTestId": [Function],
  "findAllByText": [Function],
  "findAllByTitle": [Function],
  "findByAltText": [Function],
  "findByDisplayValue": [Function],
  "findByLabelText": [Function],
  "findByPlaceholderText": [Function],
  "findByRole": [Function],
  "findByTestId": [Function],
  "findByText": [Function],
  "findByTitle": [Function],
  "getAllByAltText": [Function],
  "getAllByDisplayValue": [Function],
  "getAllByLabelText": [Function],
  "getAllByPlaceholderText": [Function],
  "getAllByRole": [Function],
  "getAllByTestId": [Function],
  "getAllByText": [Function],
  "getAllByTitle": [Function],
  "getByAltText": [Function],
  "getByDisplayValue": [Function],
  "getByLabelText": [Function],
  "getByPlaceholderText": [Function],
  "getByRole": [Function],
  "getByTestId": [Function],
  "getByText": [Function],
  "getByTitle": [Function],
  "queryAllByAltText": [Function],
  "queryAllByDisplayValue": [Function],
  "queryAllByLabelText": [Function],
  "queryAllByPlaceholderText": [Function],
  "queryAllByRole": [Function],
  "queryAllByTestId": [Function],
  "queryAllByText": [Function],
  "queryAllByTitle": [Function],
  "queryByAltText": [Function],
  "queryByDisplayValue": [Function],
  "queryByLabelText": [Function],
  "queryByPlaceholderText": [Function],
  "queryByRole": [Function],
  "queryByTestId": [Function],
  "queryByText": [Function],
  "queryByTitle": [Function],
  "rerender": [Function],
  "unmount": [Function],
}
`;
