// Jest Snapshot v1, https://goo.gl/fbAQLP

exports[`<AboutMe /> matches snapshot 1`] = `
Object {
  "asFragment": [Function],
  "baseElement": <body>
    <div>
      <div
        class="container"
        id="aboutme"
      >
        <div
          class="card"
        >
          <h1>
            about me
          </h1>
          <img
            alt="profile pic"
            class="profile-pic"
            src="me.jpg"
          />
          <br />
          <br />
          <h1>
            &lt;alexis j. carr/&gt;
          </h1>
          <br />
          <h3>
            fullstack software engineer | biomedical engineer | slam poet | writer
          </h3>
          <br />
          <h3>
            a perpetual work in progress. i really like turtles.
          </h3>
          <br />
          <h4>
            University of Houston '16 》Texas A&M University '19 》 Lambda School '20
          </h4>
        </div>
      </div>
    </div>
  </body>,
  "container": <div>
    <div
      class="container"
      id="aboutme"
    >
      <div
        class="card"
      >
        <h1>
          about me
        </h1>
        <img
          alt="profile pic"
          class="profile-pic"
          src="me.jpg"
        />
        <br />
        <br />
        <h1>
          &lt;alexis j. carr/&gt;
        </h1>
        <br />
        <h3>
          fullstack software engineer | biomedical engineer | slam poet | writer
        </h3>
        <br />
        <h3>
          a perpetual work in progress. i really like turtles.
        </h3>
        <br />
        <h4>
          University of Houston '16 》Texas A&M University '19 》 Lambda School '20
        </h4>
      </div>
    </div>
  </div>,
  "debug": [Function],
  "findAllByAltText": [Function],
  "findAllByDisplayValue": [Function],
  "findAllByLabelText": [Function],
  "findAllByPlaceholderText": [Function],
  "findAllByRole": [Function],
  "findAllByTestId": [Function],
  "findAllByText": [Function],
  "findAllByTitle": [Function],
  "findByAltText": [Function],
  "findByDisplayValue": [Function],
  "findByLabelText": [Function],
  "findByPlaceholderText": [Function],
  "findByRole": [Function],
  "findByTestId": [Function],
  "findByText": [Function],
  "findByTitle": [Function],
  "getAllByAltText": [Function],
  "getAllByDisplayValue": [Function],
  "getAllByLabelText": [Function],
  "getAllByPlaceholderText": [Function],
  "getAllByRole": [Function],
  "getAllByTestId": [Function],
  "getAllByText": [Function],
  "getAllByTitle": [Function],
  "getByAltText": [Function],
  "getByDisplayValue": [Function],
  "getByLabelText": [Function],
  "getByPlaceholderText": [Function],
  "getByRole": [Function],
  "getByTestId": [Function],
  "getByText": [Function],
  "getByTitle": [Function],
  "queryAllByAltText": [Function],
  "queryAllByDisplayValue": [Function],
  "queryAllByLabelText": [Function],
  "queryAllByPlaceholderText": [Function],
  "queryAllByRole": [Function],
  "queryAllByTestId": [Function],
  "queryAllByText": [Function],
  "queryAllByTitle": [Function],
  "queryByAltText": [Function],
  "queryByDisplayValue": [Function],
  "queryByLabelText": [Function],
  "queryByPlaceholderText": [Function],
  "queryByRole": [Function],
  "queryByTestId": [Function],
  "queryByText": [Function],
  "queryByTitle": [Function],
  "rerender": [Function],
  "unmount": [Function],
}
`;
